
> folio-ui@1.0.0 build
> next build

  Γû▓ Next.js 14.2.14

   Linting and checking validity of types ...
npm : Failed to compile.
At line:1 char:1
+ npm run build > 
build_output.log 2>&1
+ ~~~~~~~~~~~~~~~~~~~~~~~~~~~~~~~~
~~~~~
    + CategoryInfo          : Not 
   Specified: (Failed to compile  
  .:String) [], RemoteException
    + FullyQualifiedErrorId : Nat 
   iveCommandError
 

./calendar/ContentCalendar/Day/ind
ex.tsx:5:22
Type error: Cannot find module 
'@/mocks/calendar' or its 
corresponding type declarations.

[0m [90m 3 |[39m type 
[33mDayProps[39m [33m=[39m 
{}[33m;[39m[0m
[0m [90m 4 |[39m[0m
[0m[31m[1m>[22m[39m[90m 5 
|[39m [36mimport[39m { week } 
[36mfrom[39m [32m"@/mocks/calen
dar"[39m[33m;[39m[0m
[0m [90m   |[39m               
       [31m[1m^[22m[39m[0m
[0m [90m 6 |[39m[0m
[0m [90m 7 |[39m 
[36mconst[39m [33mDay[39m 
[33m=[39m ({}[33m:[39m 
[33mDayProps[39m) [33m=>[39m 
{[0m
[0m [90m 8 |[39m     
[36mconst[39m classTitleTime 
[33m=[39m [32m`flex items-end 
justify-center w-12 h-8 py-0.5 
border-b border-r border-n-1 
text-sm font-medium dark:border-wh
ite/40`[39m[33m;[39m[0m
