
tsc_output.log:1:calendar/ContentC
alendar/Day/index.tsx(5,22): 
error TS2307: Cannot find module 
'@/mocks/calendar' or its 
corresponding type declarations.
tsc_output.log:2:calendar/ContentC
alendar/Month/index.tsx(6,23): 
error TS2307: Cannot find module 
'@/mocks/calendar' or its 
corresponding type declarations.
tsc_output.log:3:calendar/ContentC
alendar/Task/index.tsx(2,21): 
error TS2307: Cannot find module 
'@/components/Details' or its 
corresponding type declarations.
tsc_output.log:4:calendar/ContentC
alendar/Week/index.tsx(5,22): 
error TS2307: Cannot find module 
'@/mocks/calendar' or its 
corresponding type declarations.
tsc_output.log:5:clients/PostTrack
ing/index.tsx(4,21): error 
TS2307: Cannot find module 
'@/components/Actions' or its 
corresponding type declarations.
tsc_output.log:6:clients/PostTrack
ing/index.tsx(13,10): error 
TS2724: '"@/mocks/crm"' has no 
exported member named 
'customers2'. Did you mean 
'customers1'?
tsc_output.log:7:clients/PostTrack
ing/index.tsx(28,38): error 
TS7006: Parameter 'customer' 
implicitly has an 'any' type.
tsc_output.log:8:clients/PostTrack
ing/index.tsx(61,42): error 
TS7006: Parameter 'customer' 
implicitly has an 'any' type.
tsc_output.log:9:components/Logo/i
ndex.tsx(2,30): error TS2307: 
Cannot find module 
'@chakra-ui/color-mode' or its 
corresponding type declarations.
tsc_output.log:10:components/table
s/Filters/index.tsx(3,20): error 
TS2307: Cannot find module 
'@/components/Search' or its 
corresponding type declarations.
tsc_output.log:11:components/workf
low/Calendar/Day/index.tsx(5,22): 
error TS2307: Cannot find module 
'@/mocks/calendar' or its 
corresponding type declarations.
tsc_output.log:12:components/workf
low/Calendar/Month/index.tsx(6,23)
: error TS2307: Cannot find 
module '@/mocks/calendar' or its 
corresponding type declarations.
tsc_output.log:13:components/workf
low/Calendar/Task/index.tsx(2,21):
 error TS2307: Cannot find module 
'@/components/Details' or its 
corresponding type declarations.
tsc_output.log:14:components/workf
low/Calendar/Week/index.tsx(5,22):
 error TS2307: Cannot find module 
'@/mocks/calendar' or its 
corresponding type declarations.
tsc_output.log:15:components/workf
low/TaskCard/index.tsx(5,21): 
error TS2307: Cannot find module 
'@/components/Details' or its 
corresponding type declarations.
tsc_output.log:16:content-pipeline
/Kanban/TaskCard/index.tsx(5,21): 
error TS2307: Cannot find module 
'@/components/Details' or its 
corresponding type declarations.
tsc_output.log:17:dashboard/Overvi
ew/Customers/index.tsx(3,20): 
error TS2307: Cannot find module 
'@/components/Search' or its 
corresponding type declarations.
tsc_output.log:18:dashboard/Overvi
ew/Customers/index.tsx(5,27): 
error TS2307: Cannot find module 
'@/mocks/dashboard' or its 
corresponding type declarations.
tsc_output.log:19:dashboard/Overvi
ew/Customers/index.tsx(28,33): 
error TS7006: Parameter 
'customer' implicitly has an 
'any' type.
tsc_output.log:20:dashboard/Overvi
ew/SalesOverview/Chart/index.tsx(9
,8): error TS2307: Cannot find 
module 'recharts' or its 
corresponding type declarations.
tsc_output.log:21:dashboard/Overvi
ew/SalesOverview/Chart/index.tsx(1
0,30): error TS2307: Cannot find 
module '@chakra-ui/color-mode' or 
its corresponding type 
declarations.
tsc_output.log:22:dashboard/Overvi
ew/SalesOverview/index.tsx(5,47): 
error TS2307: Cannot find module 
'@/mocks/dashboard' or its 
corresponding type declarations.
tsc_output.log:23:dashboard/Overvi
ew/Statistics/index.tsx(3,31): 
error TS2307: Cannot find module 
'@/mocks/dashboard' or its 
corresponding type declarations.
tsc_output.log:24:dashboard/Overvi
ew/Statistics/index.tsx(9,29): 
error TS7006: Parameter 'item' 
implicitly has an 'any' type.
tsc_output.log:25:layout/Header/Ap
ps/index.tsx(4,22): error TS2307: 
Cannot find module '@/mocks/apps' 
or its corresponding type 
declarations.
tsc_output.log:26:layout/Header/Ap
ps/index.tsx(25,36): error 
TS7006: Parameter 'link' 
implicitly has an 'any' type.
tsc_output.log:27:layout/Sidebar/T
eamMembers/index.tsx(5,29): error 
TS2307: Cannot find module 
'@/mocks/teamMembers' or its 
corresponding type declarations.
tsc_output.log:28:layout/Sidebar/T
eamMembers/index.tsx(22,35): 
error TS7006: Parameter 'member' 
implicitly has an 'any' type.
tsc_output.log:29:performance/Anal
ytics/Chart/index.tsx(8,8): error 
TS2307: Cannot find module 
'recharts' or its corresponding 
type declarations.
tsc_output.log:30:performance/Anal
ytics/Chart/index.tsx(9,30): 
error TS2307: Cannot find module 
'@chakra-ui/color-mode' or its 
corresponding type declarations.
tsc_output.log:31:performance/Anal
ytics/index.tsx(7,45): error 
TS2307: Cannot find module 
'@/mocks/finance' or its 
corresponding type declarations.
tsc_output.log:32:settings/Workspa
ce/Account/index.tsx(1,32): error 
TS2307: Cannot find module 
'@/mocks/profile' or its 
corresponding type declarations.
tsc_output.log:33:settings/Workspa
ce/Account/index.tsx(10,38): 
error TS7006: Parameter 'item' 
implicitly has an 'any' type.
tsc_output.log:34:settings/Workspa
ce/Security/index.tsx(3,54): 
error TS2307: Cannot find module 
'@/mocks/profile' or its 
corresponding type declarations.
tsc_output.log:35:settings/Workspa
ce/Security/index.tsx(12,39): 
error TS7006: Parameter 'item' 
implicitly has an 'any' type.
tsc_output.log:36:settings/Workspa
ce/Security/index.tsx(31,47): 
error TS7006: Parameter 'item' 
implicitly has an 'any' type.
tsc_output.log:37:settings/Workspa
ce/SocialNetworks/index.tsx(3,32):
 error TS2307: Cannot find module 
'@/mocks/profile' or its 
corresponding type declarations.
tsc_output.log:38:settings/Workspa
ce/SocialNetworks/index.tsx(12,38)
: error TS7006: Parameter 'item' 
implicitly has an 'any' type.


